should match snapshot with default values when enabled:
  1: |
    apiVersion: apps/v1
    kind: Deployment
    metadata:
      labels:
        app.kubernetes.io/component: source-watcher
        app.kubernetes.io/instance: NAMESPACE
        app.kubernetes.io/managed-by: Helm
        app.kubernetes.io/part-of: flux
        app.kubernetes.io/version: 2.7.2
        control-plane: controller
        helm.sh/chart: flux2-2.17.1
      name: source-watcher
    spec:
      replicas: 1
      selector:
        matchLabels:
          app: source-watcher
      strategy:
        type: Recreate
      template:
        metadata:
          annotations:
            prometheus.io/port: "8080"
            prometheus.io/scrape: "true"
          labels:
            app: source-watcher
        spec:
          automountServiceAccountToken: true
          containers:
            - args:
                - --events-addr=http://notification-controller.$(RUNTIME_NAMESPACE).svc.cluster.local.
                - --watch-all-namespaces=true
                - --log-level=info
                - --log-encoding=json
                - --enable-leader-election
                - --storage-path=/data
                - --storage-adv-addr=source-watcher.$(RUNTIME_NAMESPACE).svc.cluster.local.
              env:
                - name: RUNTIME_NAMESPACE
                  valueFrom:
                    fieldRef:
                      fieldPath: metadata.namespace
              image: ghcr.io/fluxcd/source-watcher:v2.0.2
              imagePullPolicy: IfNotPresent
              livenessProbe:
                httpGet:
                  path: /healthz
                  port: healthz
              name: manager
              ports:
                - containerPort: 9090
                  name: http
                  protocol: TCP
                - containerPort: 8080
                  name: http-prom
                  protocol: TCP
                - containerPort: 9440
                  name: healthz
                  protocol: TCP
              readinessProbe:
                httpGet:
                  path: /
                  port: http
              resources:
                limits: {}
                requests:
                  cpu: 50m
                  memory: 64Mi
              securityContext:
                allowPrivilegeEscalation: false
                capabilities:
                  drop:
                    - ALL
                readOnlyRootFilesystem: true
                runAsNonRoot: true
                runAsUser: 65534
                seccompProfile:
                  type: RuntimeDefault
              volumeMounts:
                - mountPath: /data
                  name: data
                - mountPath: /tmp
                  name: tmp
          securityContext:
            fsGroup: 1337
          serviceAccountName: source-watcher-controller
          terminationGracePeriodSeconds: 10
          volumes:
            - emptyDir: {}
              name: data
            - emptyDir: {}
              name: tmp
